// Jest Snapshot v1, https://goo.gl/fbAQLP

exports[`<Overlay /> should render without crashing 1`] = `<div />`;
